MPLINK 5.08, LINKER
Linker Map File - Created Mon Oct 01 08:43:07 2018

                                 Section Info
                  Section       Type    Address   Location Size(Bytes)
                ---------  ---------  ---------  ---------  ---------
                   .org_0       code   0x000000    program   0x000042
                   .cinit    romdata   0x000021    program   0x000004



                              Program Memory Usage 
                               Start         End      
                           ---------   ---------      
                            0x000000    0x000022      
            35 out of 1094 program addresses used, program memory utilization is 3%



                              Symbols - Sorted by Name
                     Name    Address   Location    Storage File                     
                ---------  ---------  ---------  --------- ---------                
                    delay   0x00001c    program     static E:\pic lesson\04-use header file and macro in assembly\mplab files\use_header.X\main.asm
                     loop   0x00001c    program     static E:\pic lesson\04-use header file and macro in assembly\mplab files\use_header.X\main.asm
                    loop2   0x00001e    program     static E:\pic lesson\04-use header file and macro in assembly\mplab files\use_header.X\main.asm
                    start   0x000003    program     static E:\pic lesson\04-use header file and macro in assembly\mplab files\use_header.X\main.asm



                              Symbols - Sorted by Address
                     Name    Address   Location    Storage File                     
                ---------  ---------  ---------  --------- ---------                
                    start   0x000003    program     static E:\pic lesson\04-use header file and macro in assembly\mplab files\use_header.X\main.asm
                    delay   0x00001c    program     static E:\pic lesson\04-use header file and macro in assembly\mplab files\use_header.X\main.asm
                     loop   0x00001c    program     static E:\pic lesson\04-use header file and macro in assembly\mplab files\use_header.X\main.asm
                    loop2   0x00001e    program     static E:\pic lesson\04-use header file and macro in assembly\mplab files\use_header.X\main.asm


