MPLINK 5.08, LINKER
Linker Map File - Created Mon Sep 17 17:37:32 2018

                                 Section Info
                  Section       Type    Address   Location Size(Bytes)
                ---------  ---------  ---------  ---------  ---------
                   .org_0       code   0x000000    program   0x000028
                   .cinit    romdata   0x000014    program   0x000004



                              Program Memory Usage 
                               Start         End      
                           ---------   ---------      
                            0x000000    0x000015      
            22 out of 1094 program addresses used, program memory utilization is 2%



                              Symbols - Sorted by Name
                     Name    Address   Location    Storage File                     
                ---------  ---------  ---------  --------- ---------                
                    delay   0x000001    program     static E:\MpLab\use_header.X\header.inc
                    loop1   0x000001    program     static E:\MpLab\use_header.X\header.inc
                    loop2   0x000003    program     static E:\MpLab\use_header.X\header.inc
                     main   0x000006    program     static E:\MpLab\use_header.X\main.asm
                    start   0x00000a    program     static E:\MpLab\use_header.X\main.asm



                              Symbols - Sorted by Address
                     Name    Address   Location    Storage File                     
                ---------  ---------  ---------  --------- ---------                
                    delay   0x000001    program     static E:\MpLab\use_header.X\header.inc
                    loop1   0x000001    program     static E:\MpLab\use_header.X\header.inc
                    loop2   0x000003    program     static E:\MpLab\use_header.X\header.inc
                     main   0x000006    program     static E:\MpLab\use_header.X\main.asm
                    start   0x00000a    program     static E:\MpLab\use_header.X\main.asm


