Microchip MPLAB XC8 Compiler V1.40 ()

Linker command line:

-W-3 --edf=C:\Program Files (x86)\Microchip\xc8\v1.40\dat\en_msgs.txt -cs \
  -h+dist/default/production\lcd_16x2.X.production.sym \
  --cmf=dist/default/production\lcd_16x2.X.production.cmf -z -Q16F877A \
  -oC:\Users\asitha\AppData\Local\Temp\s268.2 \
  -Mdist/default/production/lcd_16x2.X.production.map -E1 -ver=XC8 \
  -ASTACK=0110h-016fh -pstack=STACK -ACODE=00h-07FFhx4 -ASTRCODE=00h-01FFFh \
  -ASTRING=00h-0FFhx32 -ACONST=00h-0FFhx32 -AENTRY=00h-0FFhx32 \
  -ACOMMON=070h-07Fh -ABANK0=020h-06Fh -ABANK1=0A0h-0EFh \
  -ABANK2=0110h-016Fh -ABANK3=0190h-01EFh \
  -ARAM=020h-06Fh,0A0h-0EFh,0110h-016Fh,0190h-01EFh \
  -AABS1=020h-07Fh,0A0h-0EFh,0110h-016Fh,0190h-01EFh -ASFR0=00h-01Fh \
  -ASFR1=080h-09Fh -ASFR2=0100h-010Fh -ASFR3=0180h-018Fh \
  -preset_vec=00h,intentry,init,end_init -ppowerup=CODE -pcinit=CODE \
  -pfunctab=CODE -ACONFIG=02007h-02007h -pconfig=CONFIG -DCONFIG=2 \
  -AIDLOC=02000h-02003h -pidloc=IDLOC -DIDLOC=2 -AEEDATA=00h-0FFh/02100h \
  -peeprom_data=EEDATA -DEEDATA=2 -DCODE=2 -DSTRCODE=2 -DSTRING=2 -DCONST=2 \
  -DENTRY=2 -k C:\Users\asitha\AppData\Local\Temp\s268.obj \
  dist/default/production\lcd_16x2.X.production.obj 

Object code version is 3.11

Machine type is 16F877A



                Name                               Link     Load   Length Selector   Space Scale
C:\Users\asitha\AppData\Local\Temp\s268.obj
                end_init                              0        0        3        0       0
                config                             2007     2007        1     400E       0
dist/default/production\lcd_16x2.X.production.obj
                cinit                               7FC      7FC        4      FF8       0
                text6                               76F      76F       19      EDE       0
                text5                               73A      73A        A      E74       0
                text4                               74E      74E       10      E9C       0
                text3                               7A4      7A4       58      F48       0
                text2                               744      744        A      E88       0
                text1                               788      788       1C      F10       0
                maintext                            75E      75E       11      EBC       0
                cstackCOMMON                         70       70        6       70       1
                strings                               3        3       13        6       0

TOTAL           Name                               Link     Load   Length     Space
        CLASS   STACK          

        CLASS   CODE           
                end_init                              0        0        3         0
                cinit                               7FC      7FC        4         0
                text6                               76F      76F       19         0
                text5                               73A      73A        A         0
                text4                               74E      74E       10         0
                text3                               7A4      7A4       58         0
                text2                               744      744        A         0
                text1                               788      788       1C         0
                maintext                            75E      75E       11         0

        CLASS   STRCODE        

        CLASS   STRING         
                strings                               3        3       13         0

        CLASS   CONST          

        CLASS   ENTRY          

        CLASS   COMMON         
                cstackCOMMON                         70       70        6         1

        CLASS   BANK0          

        CLASS   BANK1          

        CLASS   BANK2          

        CLASS   BANK3          

        CLASS   RAM            

        CLASS   ABS1           
                abs_s1                               7E       7E        2         1

        CLASS   SFR0           

        CLASS   SFR1           

        CLASS   SFR2           

        CLASS   SFR3           

        CLASS   CONFIG         
                config                             2007     2007        1         0

        CLASS   IDLOC          

        CLASS   EEDATA         



SEGMENTS        Name                           Load    Length   Top    Selector   Space  Class     Delta

                reset_vec                      000000  000003  000003         0       0  CODE        2
                strings                        000003  000013  000016         6       0  STRING      2
                cstackCOMMON                   000070  000006  000076        70       1  COMMON      1
                text5                          00073A  00000A  000744       E74       0  CODE        2
                text2                          000744  00000A  00074E       E88       0  CODE        2
                text4                          00074E  000010  00075E       E9C       0  CODE        2
                maintext                       00075E  000011  00076F       EBC       0  CODE        2
                text6                          00076F  000019  000788       EDE       0  CODE        2
                text1                          000788  00001C  0007A4       F10       0  CODE        2
                text3                          0007A4  000058  0007FC       F48       0  CODE        2
                cinit                          0007FC  000004  000800       FF8       0  CODE        2
                config                         002007  000001  002008      400E       0  CONFIG      2


UNUSED ADDRESS RANGES

        Name                Unused          Largest block    Delta
        BANK0            0020-006F             50           1
        BANK1            00A0-00EF             50           1
        BANK2            0110-016F             60           1
        BANK3            0190-01EF             60           1
        CODE             0016-0739            724           2
                         0800-1FFF            800
        COMMON           0076-007D              8           1
        CONST            0016-0739            100           2
                         0800-1FFF            100
        EEDATA           2100-21FF            100           2
        ENTRY            0016-0739            100           2
                         0800-1FFF            100
        IDLOC            2000-2003              4           2
        RAM              0020-006F             50           1
                         00A0-00EF             50
                         0110-016F             60
                         0190-01EF             60
        SFR0             0000-001F             20           1
        SFR1             0080-009F             20           1
        SFR2             0100-010F             10           1
        SFR3             0180-018F             10           1
        STACK            0110-016F             60           1
        STRCODE          0016-0739            724           2
                         0800-1FFF           1800
        STRING           0016-0739            100           2
                         0800-1FFF            100

                                  Symbol Table

WriteCommandToLCD@Command   cstackCOMMON 0072
WriteDataToLCD@LCDChar      cstackCOMMON 0072
WriteStringToLCD@s          cstackCOMMON 0074
_ClearLCDScreen             text4        074E
_InitLCD                    text3        07A4
_PORTB                      (abs)        0006
_RD0                        (abs)        0040
_RD1                        (abs)        0041
_TRISB                      (abs)        0086
_TRISD0                     (abs)        0440
_TRISD1                     (abs)        0441
_ToggleEpinOfLCD            text6        076F
_WriteCommandToLCD          text5        073A
_WriteDataToLCD             text2        0744
_WriteStringToLCD           text1        0788
__CFG_FOSC$HS               (abs)        0000
__CFG_LVP$OFF               (abs)        0000
__CFG_PWRTE$ON              (abs)        0000
__CFG_WDTE$OFF              (abs)        0000
__Habs1                     abs1         0000
__Hbank0                    bank0        0000
__Hbank1                    bank1        0000
__Hbank2                    bank2        0000
__Hbank3                    bank3        0000
__Hcinit                    cinit        0800
__Hclrtext                  clrtext      0000
__Hcode                     code         0000
__Hcommon                   common       0000
__Hconfig                   config       2008
__HcstackCOMMON             cstackCOMMON 0000
__Heeprom_data              eeprom_data  0000
__Hend_init                 end_init     0003
__Hfunctab                  functab      0000
__Hidloc                    idloc        0000
__Hinit                     init         0000
__Hintentry                 intentry     0000
__Hmaintext                 maintext     0000
__Hpowerup                  powerup      0000
__Hram                      ram          0000
__Hreset_vec                reset_vec    0000
__Hsfr0                     sfr0         0000
__Hsfr1                     sfr1         0000
__Hsfr2                     sfr2         0000
__Hsfr3                     sfr3         0000
__Hspace_0                  (abs)        2008
__Hspace_1                  (abs)        0076
__Hspace_2                  (abs)        0000
__Hspace_3                  (abs)        0000
__Hstack                    stack        0000
__Hstrings                  strings      0000
__Htext                     text         0000
__Labs1                     abs1         0000
__Lbank0                    bank0        0000
__Lbank1                    bank1        0000
__Lbank2                    bank2        0000
__Lbank3                    bank3        0000
__Lcinit                    cinit        07FC
__Lclrtext                  clrtext      0000
__Lcode                     code         0000
__Lcommon                   common       0000
__Lconfig                   config       2007
__LcstackCOMMON             cstackCOMMON 0000
__Leeprom_data              eeprom_data  0000
__Lend_init                 end_init     0000
__Lfunctab                  functab      0000
__Lidloc                    idloc        0000
__Linit                     init         0000
__Lintentry                 intentry     0000
__Lmaintext                 maintext     0000
__Lpowerup                  powerup      0000
__Lram                      ram          0000
__Lreset_vec                reset_vec    0000
__Lsfr0                     sfr0         0000
__Lsfr1                     sfr1         0000
__Lsfr2                     sfr2         0000
__Lsfr3                     sfr3         0000
__Lspace_0                  (abs)        0000
__Lspace_1                  (abs)        0000
__Lspace_2                  (abs)        0000
__Lspace_3                  (abs)        0000
__Lstack                    stack        0000
__Lstrings                  strings      0000
__Ltext                     text         0000
__S0                        (abs)        2008
__S1                        (abs)        0076
__S2                        (abs)        0000
__S3                        (abs)        0000
___int_sp                   stack        0000
___latbits                  (abs)        0002
___sp                       stack        0000
__end_of_ClearLCDScreen     text4        075E
__end_of_InitLCD            text3        07FC
__end_of_ToggleEpinOfLCD    text6        0788
__end_of_WriteCommandToLCD  text5        0744
__end_of_WriteDataToLCD     text2        074E
__end_of_WriteStringToLCD   text1        07A4
__end_of__initialization    cinit        07FC
__end_of__stringtab         strings      0009
__end_of_main               maintext     076F
__initialization            cinit        07FC
__pcstackCOMMON             cstackCOMMON 0070
__pmaintext                 maintext     075E
__pstrings                  strings      0003
__ptext1                    text1        0788
__ptext2                    text2        0744
__ptext3                    text3        07A4
__ptext4                    text4        074E
__ptext5                    text5        073A
__ptext6                    text6        076F
__size_of_ClearLCDScreen    (abs)        0000
__size_of_InitLCD           (abs)        0000
__size_of_ToggleEpinOfLCD   (abs)        0000
__size_of_WriteCommandToLCD (abs)        0000
__size_of_WriteDataToLCD    (abs)        0000
__size_of_WriteStringToLCD  (abs)        0000
__size_of_main              (abs)        0000
__stringbase                strings      0008
__stringtab                 strings      0003
_main                       maintext     075E
btemp                       (abs)        007E
end_of_initialization       cinit        07FC
intlevel0                   functab      0000
intlevel1                   functab      0000
intlevel2                   functab      0000
intlevel3                   functab      0000
intlevel4                   functab      0000
intlevel5                   functab      0000
reset_vec                   reset_vec    0000
stackhi                     (abs)        0000
stacklo                     (abs)        0000
start                       init         0000
start_initialization        cinit        07FC
wtemp0                      (abs)        007E


FUNCTION INFORMATION:

 *************** function _main *****************
 Defined at:
		line 16 in file "Main.c"
 Parameters:    Size  Location     Type
		None
 Auto vars:     Size  Location     Type
		None
 Return value:  Size  Location     Type
                  1    wreg      void 
 Registers used:
		wreg, fsr0l, fsr0h, status,2, status,0, pclath, cstack
 Tracked objects:
		On entry : 
		On exit  : 
		Unchanged: 
 Data sizes:     COMMON   BANK0   BANK1   BANK3   BANK2
      Params:         0       0       0       0       0
      Locals:         0       0       0       0       0
      Temps:          0       0       0       0       0
      Totals:         0       0       0       0       0
Total ram usage:        0 bytes
 Hardware stack levels required when called:    3
 This function calls:
		_ClearLCDScreen
		_InitLCD
		_WriteStringToLCD
 This function is called by:
		Startup code after reset
 This function uses a non-reentrant model


 *************** function _WriteStringToLCD *****************
 Defined at:
		line 60 in file "LCD.c"
 Parameters:    Size  Location     Type
  s               1    wreg     PTR const unsigned char 
		 -> STR_1(13), 
 Auto vars:     Size  Location     Type
  s               1    4[COMMON] PTR const unsigned char 
		 -> STR_1(13), 
 Return value:  Size  Location     Type
                  1    wreg      void 
 Registers used:
		wreg, fsr0l, fsr0h, status,2, status,0, pclath, cstack
 Tracked objects:
		On entry : 
		On exit  : 
		Unchanged: 
 Data sizes:     COMMON   BANK0   BANK1   BANK3   BANK2
      Params:         0       0       0       0       0
      Locals:         1       0       0       0       0
      Temps:          1       0       0       0       0
      Totals:         2       0       0       0       0
Total ram usage:        2 bytes
 Hardware stack levels used:    1
 Hardware stack levels required when called:    2
 This function calls:
		_WriteDataToLCD
 This function is called by:
		_main
 This function uses a non-reentrant model


 *************** function _WriteDataToLCD *****************
 Defined at:
		line 21 in file "LCD.c"
 Parameters:    Size  Location     Type
  LCDChar         1    wreg     unsigned char 
 Auto vars:     Size  Location     Type
  LCDChar         1    2[COMMON] unsigned char 
 Return value:  Size  Location     Type
                  1    wreg      void 
 Registers used:
		wreg, status,2, status,0, pclath, cstack
 Tracked objects:
		On entry : 
		On exit  : 
		Unchanged: 
 Data sizes:     COMMON   BANK0   BANK1   BANK3   BANK2
      Params:         0       0       0       0       0
      Locals:         1       0       0       0       0
      Temps:          0       0       0       0       0
      Totals:         1       0       0       0       0
Total ram usage:        1 bytes
 Hardware stack levels used:    1
 Hardware stack levels required when called:    1
 This function calls:
		_ToggleEpinOfLCD
 This function is called by:
		_WriteStringToLCD
 This function uses a non-reentrant model


 *************** function _InitLCD *****************
 Defined at:
		line 29 in file "LCD.c"
 Parameters:    Size  Location     Type
		None
 Auto vars:     Size  Location     Type
		None
 Return value:  Size  Location     Type
                  1    wreg      void 
 Registers used:
		wreg, status,2, status,0, pclath, cstack
 Tracked objects:
		On entry : 
		On exit  : 
		Unchanged: 
 Data sizes:     COMMON   BANK0   BANK1   BANK3   BANK2
      Params:         0       0       0       0       0
      Locals:         0       0       0       0       0
      Temps:          3       0       0       0       0
      Totals:         3       0       0       0       0
Total ram usage:        3 bytes
 Hardware stack levels used:    1
 Hardware stack levels required when called:    2
 This function calls:
		_WriteCommandToLCD
 This function is called by:
		_main
 This function uses a non-reentrant model


 *************** function _ClearLCDScreen *****************
 Defined at:
		line 67 in file "LCD.c"
 Parameters:    Size  Location     Type
		None
 Auto vars:     Size  Location     Type
		None
 Return value:  Size  Location     Type
                  1    wreg      void 
 Registers used:
		wreg, status,2, status,0, pclath, cstack
 Tracked objects:
		On entry : 
		On exit  : 
		Unchanged: 
 Data sizes:     COMMON   BANK0   BANK1   BANK3   BANK2
      Params:         0       0       0       0       0
      Locals:         0       0       0       0       0
      Temps:          2       0       0       0       0
      Totals:         2       0       0       0       0
Total ram usage:        2 bytes
 Hardware stack levels used:    1
 Hardware stack levels required when called:    2
 This function calls:
		_WriteCommandToLCD
 This function is called by:
		_main
 This function uses a non-reentrant model


 *************** function _WriteCommandToLCD *****************
 Defined at:
		line 13 in file "LCD.c"
 Parameters:    Size  Location     Type
  Command         1    wreg     unsigned char 
 Auto vars:     Size  Location     Type
  Command         1    2[COMMON] unsigned char 
 Return value:  Size  Location     Type
                  1    wreg      void 
 Registers used:
		wreg, status,2, status,0, pclath, cstack
 Tracked objects:
		On entry : 
		On exit  : 
		Unchanged: 
 Data sizes:     COMMON   BANK0   BANK1   BANK3   BANK2
      Params:         0       0       0       0       0
      Locals:         1       0       0       0       0
      Temps:          0       0       0       0       0
      Totals:         1       0       0       0       0
Total ram usage:        1 bytes
 Hardware stack levels used:    1
 Hardware stack levels required when called:    1
 This function calls:
		_ToggleEpinOfLCD
 This function is called by:
		_InitLCD
		_ClearLCDScreen
 This function uses a non-reentrant model


 *************** function _ToggleEpinOfLCD *****************
 Defined at:
		line 4 in file "LCD.c"
 Parameters:    Size  Location     Type
		None
 Auto vars:     Size  Location     Type
		None
 Return value:  Size  Location     Type
                  1    wreg      void 
 Registers used:
		wreg
 Tracked objects:
		On entry : 
		On exit  : 
		Unchanged: 
 Data sizes:     COMMON   BANK0   BANK1   BANK3   BANK2
      Params:         0       0       0       0       0
      Locals:         0       0       0       0       0
      Temps:          2       0       0       0       0
      Totals:         2       0       0       0       0
Total ram usage:        2 bytes
 Hardware stack levels used:    1
 This function calls:
		Nothing
 This function is called by:
		_WriteCommandToLCD
		_WriteDataToLCD
 This function uses a non-reentrant model



MODULE INFORMATION

Module		Function		Class		Link	Load	Size
Main.c
		_main          		CODE           	075E	0000	18

Main.c estimated size: 18

shared
		__stringtab    		STRING         	0003	0000	7
		__initialization		CODE           	07FC	0000	1

shared estimated size: 8

LCD.c
		_WriteCommandToLCD		CODE           	073A	0000	11
		_WriteStringToLCD		CODE           	0788	0000	29
		_InitLCD       		CODE           	07A4	0000	89
		_WriteDataToLCD		CODE           	0744	0000	11
		_ToggleEpinOfLCD		CODE           	076F	0000	26
		_ClearLCDScreen		CODE           	074E	0000	17

LCD.c estimated size: 183

